// Jest Snapshot v1, https://goo.gl/fbAQLP

exports[`FloatingActionButton renders correctly 1`] = `
<div
  className="css-1bvn0qd"
>
  FloatingActionButton
  <br />
  Children
</div>
`;
