// Jest Snapshot v1, https://goo.gl/fbAQLP

exports[`Button renders correctly 1`] = `
<div
  className="css-1bvn0qd"
>
  Button
  <br />
  Children
</div>
`;
