// Jest Snapshot v1, https://goo.gl/fbAQLP

exports[`AppBarBottom renders correctly 1`] = `
<div
  className="css-1bvn0qd"
>
  AppBarBottom
  <br />
  Children
</div>
`;
