// Jest Snapshot v1, https://goo.gl/fbAQLP

exports[`ComponentName renders correctly 1`] = `
<div
  className="css-1bvn0qd"
>
  ComponentName
  <br />
  Children
</div>
`;
