// Jest Snapshot v1, https://goo.gl/fbAQLP

exports[`Icon renders correctly 1`] = `
<div
  className="css-1bvn0qd"
>
  Icon
  <br />
  Children
</div>
`;
