// Jest Snapshot v1, https://goo.gl/fbAQLP

exports[`Input renders correctly 1`] = `
<div
  className="css-1bvn0qd"
>
  Input
  <br />
  Children
</div>
`;
