// Jest Snapshot v1, https://goo.gl/fbAQLP

exports[`Card renders correctly 1`] = `
<div
  className="css-1bvn0qd"
>
  Card
  <br />
  Children
</div>
`;
